
> backend@1.0.0 dev
> concurrently "cd services/auth-service && npm run dev" "cd services/cart-service && npm run dev" "cd services/order-service && npm run dev" "cd services/product-service && npm run dev" "cd services/review-service && npm run dev" "cd services/inventory-service && npm run dev" "cd gateway && npm run dev" "cd services/notification-service && npm run dev"

[0] 
[0] > auth-service@1.0.0 dev
[0] > nodemon src/index.js
[0] 
[1] 
[1] > cart-service@1.0.0 dev
[1] > nodemon src/index.js
[1] 
[4] 
[4] > review-service@1.0.0 dev
[4] > nodemon src/index.js
[4] 
[2] 
[2] > order-service@1.0.0 dev
[2] > nodemon src/index.js
[2] 
[3] 
[3] > product-service@1.0.0 dev
[3] > nodemon src/index.js
[3] 
[5] 
[5] > inventory-service@1.0.0 dev
[5] > nodemon src/index.js
[5] 
[6] 
[6] > gateway@1.0.0 dev
[6] > nodemon src/index.js
[6] 
[7] 
[7] > notification-service@1.0.0 dev
[7] > nodemon src/index.js
[7] 
[1] [33m[nodemon] 3.1.14[39m
[0] [33m[nodemon] 3.1.14[39m
[1] [33m[nodemon] to restart at any time, enter `rs`[39m
[0] [33m[nodemon] to restart at any time, enter `rs`[39m
[1] [33m[nodemon] watching path(s): *.*[39m
[1] [33m[nodemon] watching extensions: js,mjs,cjs,json[39m
[0] [33m[nodemon] watching path(s): *.*[39m
[0] [33m[nodemon] watching extensions: js,mjs,cjs,json[39m
[1] [32m[nodemon] starting `node src/index.js`[39m
[0] [32m[nodemon] starting `node src/index.js`[39m
[3] [33m[nodemon] 3.1.14[39m
[3] [33m[nodemon] to restart at any time, enter `rs`[39m
[3] [33m[nodemon] watching path(s): *.*[39m
[3] [33m[nodemon] watching extensions: js,mjs,cjs,json[39m
[3] [32m[nodemon] starting `node src/index.js`[39m
[4] [33m[nodemon] 3.1.14[39m
[4] [33m[nodemon] to restart at any time, enter `rs`[39m
[4] [33m[nodemon] watching path(s): *.*[39m
[4] [33m[nodemon] watching extensions: js,mjs,cjs,json[39m
[4] [32m[nodemon] starting `node src/index.js`[39m
[2] [33m[nodemon] 3.1.14[39m
[2] [33m[nodemon] to restart at any time, enter `rs`[39m
[2] [33m[nodemon] watching path(s): *.*[39m
[2] [33m[nodemon] watching extensions: js,mjs,cjs,json[39m
[2] [32m[nodemon] starting `node src/index.js`[39m
[6] [33m[nodemon] 3.1.14[39m
[6] [33m[nodemon] to restart at any time, enter `rs`[39m
[6] [33m[nodemon] watching path(s): *.*[39m
[6] [33m[nodemon] watching extensions: js,mjs,cjs,json[39m
[6] [32m[nodemon] starting `node src/index.js`[39m
[5] [33m[nodemon] 3.1.14[39m
[5] [33m[nodemon] to restart at any time, enter `rs`[39m
[5] [33m[nodemon] watching path(s): *.*[39m
[5] [33m[nodemon] watching extensions: js,mjs,cjs,json[39m
[5] [32m[nodemon] starting `node src/index.js`[39m
[7] [33m[nodemon] 3.1.14[39m
[7] [33m[nodemon] to restart at any time, enter `rs`[39m
[7] [33m[nodemon] watching path(s): *.*[39m
[7] [33m[nodemon] watching extensions: js,mjs,cjs,json[39m
[7] [32m[nodemon] starting `node src/index.js`[39m
[4] Review Service running on port 3005
[0] 🚀 Auth Service Server running on port 3000
[0] 📡 API available at http://localhost:3000/auth-service
[0] 🌍 Environment: development
[3] Product Service running on port 3004
[2] Order Service running on port 3002
[5] 🚀 Inventory Service running on port 3003
[5] 📡 API available at http://localhost:3003/inventory-service
[5] 🌍 Environment: development
[6] 🚀 GateWay running on port 8080
[6] 📡 API GateWay at http://localhost:8080/api-gate
[6] 🌍 Environment: development
[1] Redis connected
[1] 🚀 Cart Service Server running on port 3001
[1] 📡 API available at http://localhost:3001/api-service
[1] 🌍 Environment: development
[7] Redis connected
[7] Notification consumer unavailable: RabbitMQ initialization failed (amqp://guest:guest@localhost:5672): ECONNREFUSED
[7] Will retry RabbitMQ connection every 5 seconds...
[7] Notification Service running on port 4000
[7] API available at http://localhost:4000/notification-service
[0] [31m[nodemon] app crashed - waiting for file changes before starting...[39m
[1] [31m[nodemon] app crashed - waiting for file changes before starting...[39m
[2] [31m[nodemon] app crashed - waiting for file changes before starting...[39m
[5] [31m[nodemon] app crashed - waiting for file changes before starting...[39m
[3] [31m[nodemon] app crashed - waiting for file changes before starting...[39m
[4] [31m[nodemon] app crashed - waiting for file changes before starting...[39m
[7] [31m[nodemon] app crashed - waiting for file changes before starting...[39m
[6] [31m[nodemon] app crashed - waiting for file changes before starting...[39m
[4] npm error Lifecycle script `dev` failed with error:
[4] npm error code 1073807364
[2] npm error Lifecycle script `dev` failed with error:
[2] npm error code 1073807364
[2] npm error path D:\desktop\learning\CNWeb\BTL\backend\services\order-service
[2] npm error workspace order-service@1.0.0
[2] npm error location D:\desktop\learning\CNWeb\BTL\backend\services\order-service
[2] npm error command failed
[2] npm error command C:\WINDOWS\system32\cmd.exe /d /s /c nodemon src/index.js
[3] npm error Lifecycle script `dev` failed with error:
[3] npm error code 1073807364
[3] npm error path D:\desktop\learning\CNWeb\BTL\backend\services\product-service
[3] npm error workspace product-service@1.0.0
[3] npm error location D:\desktop\learning\CNWeb\BTL\backend\services\product-service
[3] npm error command failed
[3] npm error command C:\WINDOWS\system32\cmd.exe /d /s /c nodemon src/index.js
[1] npm error Lifecycle script `dev` failed with error:
[1] npm error code 1073807364
[1] npm error path D:\desktop\learning\CNWeb\BTL\backend\services\cart-service
[1] npm error workspace cart-service@1.0.0
[1] npm error location D:\desktop\learning\CNWeb\BTL\backend\services\cart-service
[1] npm error command failed
[1] npm error command C:\WINDOWS\system32\cmd.exe /d /s /c nodemon src/index.js
[5] npm error Lifecycle script `dev` failed with error:
[5] npm error code 1073807364
[5] npm error path D:\desktop\learning\CNWeb\BTL\backend\services\inventory-service
[5] npm error workspace inventory-service@1.0.0
[5] npm error location D:\desktop\learning\CNWeb\BTL\backend\services\inventory-service
[5] npm error command failed
[5] npm error command C:\WINDOWS\system32\cmd.exe /d /s /c nodemon src/index.js
[7] npm error Lifecycle script `dev` failed with error:
[7] npm error code 1073807364
[7] npm error path D:\desktop\learning\CNWeb\BTL\backend\services\notification-service
[7] npm error workspace notification-service@1.0.0
[7] npm error location D:\desktop\learning\CNWeb\BTL\backend\services\notification-service
[7] npm error command failed
[7] npm error command C:\WINDOWS\system32\cmd.exe /d /s /c nodemon src/index.js
[6] npm error Lifecycle script `dev` failed with error:
[6] npm error code 1073807364
[6] npm error path D:\desktop\learning\CNWeb\BTL\backend\gateway
[6] npm error workspace gateway@1.0.0
[6] npm error location D:\desktop\learning\CNWeb\BTL\backend\gateway
[6] npm error command failed
[6] npm error command C:\WINDOWS\system32\cmd.exe /d /s /c nodemon src/index.js
[0] npm error Lifecycle script `dev` failed with error:
[0] npm error code 1073807364
[0] npm error path D:\desktop\learning\CNWeb\BTL\backend\services\auth-service
[0] npm error workspace auth-service@1.0.0
[0] npm error location D:\desktop\learning\CNWeb\BTL\backend\services\auth-service
[0] npm error command failed
[0] npm error command C:\WINDOWS\system32\cmd.exe /d /s /c nodemon src/index.js
[4] npm error path D:\desktop\learning\CNWeb\BTL\backend\services\review-service
[4] npm error workspace review-service@1.0.0
[4] npm error location D:\desktop\learning\CNWeb\BTL\backend\services\review-service
[4] npm error command failed
[4] npm error command C:\WINDOWS\system32\cmd.exe /d /s /c nodemon src/index.js
[6] cd gateway && npm run dev exited with code 1073807364
[3] cd services/product-service && npm run dev exited with code 1073807364
[4] cd services/review-service && npm run dev exited with code 1073807364
[1] cd services/cart-service && npm run dev exited with code 1073807364
[2] cd services/order-service && npm run dev exited with code 1073807364
[7] cd services/notification-service && npm run dev exited with code 1073807364
[0] cd services/auth-service && npm run dev exited with code 1073807364
[5] cd services/inventory-service && npm run dev exited with code 1073807364
